=====================================================================
             DUPLICATE FILE FINDER - FINAL REPORT                    
=====================================================================
Scan Time: 2025-10-09 14:35:06
Runtime: 0.00 seconds
-----------------------------------------------------------------
Target Path: test_dir
Keep Mode: newest
Action Taken: delete
-----------------------------------------------------------------

SUCCESS: No confirmed duplicate file sets found.
=====================================================================